<html>
<body>
<pre>
<h1>µVision Build Log</h1>
<h2>Tool Versions:</h2>
IDE-Version: £gVision V5.37.0.0
Copyright (C) 2022 ARM Ltd and ARM Germany GmbH. All rights reserved.
License Information: 1 hy48257@gmail.com, 1, LIC=P6F5U-SCKPA-PHP89-4EWAZ-8MH33-D49MA
 
Tool Versions:
Toolchain:       MDK-ARM Professional  Version: 5.37.0.0
Toolchain Path:  C:\keil5\core\ARM\ARMCC\Bin
C Compiler:      Armcc.exe V5.06 update 7 (build 960)
Assembler:       Armasm.exe V5.06 update 7 (build 960)
Linker/Locator:  ArmLink.exe V5.06 update 7 (build 960)
Library Manager: ArmAr.exe V5.06 update 7 (build 960)
Hex Converter:   FromElf.exe V5.06 update 7 (build 960)
CPU DLL:         SARMCM3.DLL V5.37.0.0
Dialog DLL:      DCM.DLL V1.17.5.0
Target DLL:      UL2CM3.DLL V1.164.7.0
Dialog DLL:      TCM.DLL V1.56.1.0
 
<h2>Project:</h2>
C:\Users\hy482\STM32-FreeRTOS-Implementation\Lab04-IdleTask-Delay-Core\Project\FreeRTOS_proj.uvprojx
Project File Date:  05/21/2026

<h2>Output:</h2>
*** Using Compiler 'V5.06 update 7 (build 960)', folder: 'C:\keil5\core\ARM\ARMCC\Bin'
Build target 'Target 1'
Note: source file 'RTE/Device/ARMCM3/startup_ARMCM3.c' - object file renamed from '.\Objects\startup_ARMCM3.o' to '.\Objects\startup_armcm3_1.o'.
Note: source file 'RTE/Device/ARMCM3/system_ARMCM3.c' - object file renamed from '.\Objects\system_ARMCM3.o' to '.\Objects\system_armcm3_1.o'.
compiling main.c...
compiling task.c...
compiling port.c...
linking...
Program Size: Code=1364 RO-data=992 RW-data=28 ZI-data=4068  
".\Objects\FreeRTOS_proj.axf" - 0 Error(s), 0 Warning(s).

<h2>Software Packages used:</h2>

Package Vendor: ARM
                http://www.keil.com/pack/ARM.CMSIS.5.9.0.pack
                ARM.CMSIS.5.9.0
                CMSIS (Common Microcontroller Software Interface Standard)
   * Component: CORE Version: 5.6.0
   * Component: Startup Variant: C Startup Version: 2.0.3

<h2>Collection of Component include folders:</h2>
  ./RTE/_Target_1
  C:/keil5/pack/ARM/CMSIS/5.9.0/CMSIS/Core/Include
  C:/keil5/pack/ARM/CMSIS/5.9.0/Device/ARM/ARMCM3/Include

<h2>Collection of Component Files used:</h2>

   * Component: ARM::CMSIS:CORE:5.6.0

   * Component: ARM::Device:Startup:C Startup:2.0.3
      Include file:  Device/ARM/ARMCM3/Include/ARMCM3.h
      Source file:   Device/ARM/ARMCM3/Source/startup_ARMCM3.c
      Source file:   Device/ARM/ARMCM3/Source/system_ARMCM3.c
Build Time Elapsed:  00:00:01
</pre>
</body>
</html>
